/home/phuwit/Programming/KMITL-Microcontroller/Lab1.2/Core/Src/main.c:96:5:main	4
/home/phuwit/Programming/KMITL-Microcontroller/Lab1.2/Core/Src/main.c:158:6:SystemClock_Config	4
/home/phuwit/Programming/KMITL-Microcontroller/Lab1.2/Core/Src/main.c:216:13:MX_ETH_Init	2
/home/phuwit/Programming/KMITL-Microcontroller/Lab1.2/Core/Src/main.c:265:13:MX_USART3_UART_Init	2
/home/phuwit/Programming/KMITL-Microcontroller/Lab1.2/Core/Src/main.c:300:13:MX_USB_OTG_FS_PCD_Init	2
/home/phuwit/Programming/KMITL-Microcontroller/Lab1.2/Core/Src/main.c:335:13:MX_GPIO_Init	1
/home/phuwit/Programming/KMITL-Microcontroller/Lab1.2/Core/Src/main.c:393:6:Error_Handler	1
