/home/phuwit/Programming/KMITL-Microcontroller/Lab1_CubeToolchain/Core/Src/main.c:93:5:main	2
/home/phuwit/Programming/KMITL-Microcontroller/Lab1_CubeToolchain/Core/Src/main.c:150:6:SystemClock_Config	4
/home/phuwit/Programming/KMITL-Microcontroller/Lab1_CubeToolchain/Core/Src/main.c:208:13:MX_ETH_Init	2
/home/phuwit/Programming/KMITL-Microcontroller/Lab1_CubeToolchain/Core/Src/main.c:257:13:MX_USART3_UART_Init	2
/home/phuwit/Programming/KMITL-Microcontroller/Lab1_CubeToolchain/Core/Src/main.c:292:13:MX_USB_OTG_FS_PCD_Init	2
/home/phuwit/Programming/KMITL-Microcontroller/Lab1_CubeToolchain/Core/Src/main.c:327:13:MX_GPIO_Init	1
/home/phuwit/Programming/KMITL-Microcontroller/Lab1_CubeToolchain/Core/Src/main.c:385:6:Error_Handler	1
