15:42:51 **** Incremental Build of configuration Debug for project Lab2.1 ****
make -j24 all 
arm-none-eabi-gcc "../Core/Src/main.c" -mcpu=cortex-m7 -std=gnu11 -g3 -DDEBUG -DUSE_HAL_DRIVER -DSTM32F767xx -c -I../Core/Inc -I../Drivers/STM32F7xx_HAL_Driver/Inc -I../Drivers/STM32F7xx_HAL_Driver/Inc/Legacy -I../Drivers/CMSIS/Device/ST/STM32F7xx/Include -I../Drivers/CMSIS/Include -O0 -ffunction-sections -fdata-sections -Wall -fstack-usage -fcyclomatic-complexity -MMD -MP -MF"Core/Src/main.d" -MT"Core/Src/main.o" --specs=nano.specs -mfpu=fpv5-d16 -mfloat-abi=hard -mthumb -o "Core/Src/main.o"
arm-none-eabi-gcc -o "Lab2.1.elf" @"objects.list"   -mcpu=cortex-m7 -T"/home/phuwit/Programming/KMITL-Microcontroller/Lab2.1/STM32F767ZITX_FLASH.ld" --specs=nosys.specs -Wl,-Map="Lab2.1.map" -Wl,--gc-sections -static --specs=nano.specs -mfpu=fpv5-d16 -mfloat-abi=hard -mthumb -Wl,--start-group -lc -lm -Wl,--end-group
Finished building target: Lab2.1.elf
 
arm-none-eabi-size  Lab2.1.elf 
arm-none-eabi-objdump -h -S Lab2.1.elf  > "Lab2.1.list"
   text	   data	    bss	    dec	    hex	filename
  16376	    332	   3196	  19904	   4dc0	Lab2.1.elf
Finished building: default.size.stdout
 
Finished building: Lab2.1.list
 

15:42:51 Build Finished. 0 errors, 0 warnings. (took 275ms)

